\BOOKMARK [0][-]{section*.2}{\376\377\000F\000r\000o\000m\000\040\000d\000i\000s\000c\000r\000e\000t\000u\000u\000m\000\040\000t\000o\000\040\000c\000o\000n\000t\000i\000n\000u\000u\000m}{}% 2
\BOOKMARK [1][-]{section*.1}{\376\377\000A\000b\000s\000t\000r\000a\000c\000t}{section*.2}% 1
\BOOKMARK [1][-]{section*.3}{\376\377\000I\000n\000t\000r\000o\000d\000u\000c\000t\000i\000o\000n}{section*.2}% 3
\BOOKMARK [1][-]{section*.4}{\376\377\000S\000e\000t\000u\000p}{section*.2}% 4
\BOOKMARK [2][-]{section*.5}{\376\377\000L\000o\000r\000e\000n\000t\000z\000i\000a\000n\000\040\000R\000e\000g\000g\000e\000\040\000c\000a\000l\000c\000u\000l\000u\000s}{section*.4}% 5
\BOOKMARK [2][-]{section*.6}{\376\377\000L\000o\000r\000e\000n\000t\000z\000i\000a\000n\000\040\0004\000-\000f\000r\000u\000s\000t\000a}{section*.4}% 6
\BOOKMARK [2][-]{section*.9}{\376\377\000L\000o\000r\000e\000n\000t\000z\000i\000a\000n\000\040\000R\000e\000g\000g\000e\000\040\000a\000c\000t\000i\000o\000n\000\040\000f\000o\000r\000\040\000s\000p\000a\000t\000i\000a\000l\000l\000y\000\040\000f\000l\000a\000t\000\040\000c\000o\000s\000m\000o\000l\000o\000g\000y}{section*.4}% 7
\BOOKMARK [1][-]{section*.10}{\376\377\000R\000e\000c\000a\000p}{section*.2}% 8
\BOOKMARK [2][-]{section*.11}{\376\377\000O\000n\000e\000\040\000t\000i\000m\000e\000\040\000s\000t\000e\000p}{section*.10}% 9
\BOOKMARK [2][-]{section*.14}{\376\377\000A\000r\000b\000i\000t\000r\000a\000r\000y\000\040\000n\000u\000m\000b\000e\000r\000\040\000o\000f\000\040\000t\000i\000m\000e\000\040\000s\000t\000e\000p\000s}{section*.10}% 10
\BOOKMARK [1][-]{section*.15}{\376\377\000N\000u\000m\000e\000r\000i\000c\000a\000l\000\040\000i\000m\000p\000l\000e\000m\000e\000n\000t\000a\000t\000i\000o\000n}{section*.2}% 11
\BOOKMARK [2][-]{section*.16}{\376\377\000N\000u\000m\000e\000r\000i\000c\000a\000l\000\040\000s\000t\000a\000b\000i\000l\000i\000t\000y\000\040\000a\000n\000d\000\040\000t\000i\000m\000e\000\040\000c\000o\000m\000p\000l\000e\000x\000i\000t\000y}{section*.15}% 12
\BOOKMARK [1][-]{section*.20}{\376\377\000C\000o\000n\000t\000i\000n\000u\000u\000m\000-\000i\000n\000f\000o\000r\000m\000e\000d\000\040\000d\000i\000s\000c\000r\000e\000t\000i\000z\000a\000t\000i\000o\000n}{section*.2}% 13
\BOOKMARK [2][-]{section*.21}{\376\377\000I\000d\000e\000n\000t\000i\000f\000y\000i\000n\000g\000\040\000t\000h\000e\000\040\000c\000o\000n\000t\000i\000n\000u\000u\000m}{section*.20}% 14
\BOOKMARK [2][-]{section*.27}{\376\377\000C\000o\000n\000t\000i\000n\000u\000u\000m\000-\000i\000n\000f\000o\000r\000m\000e\000d\000\040\000d\000i\000s\000c\000r\000e\000t\000i\000z\000a\000t\000i\000o\000n}{section*.20}% 15
\BOOKMARK [2][-]{section*.29}{\376\377\000A\000\040\000p\000e\000r\000f\000e\000c\000t\000\040\000a\000c\000t\000i\000o\000n\000?}{section*.20}% 16
\BOOKMARK [1][-]{section*.30}{\376\377\000C\000o\000n\000c\000l\000u\000s\000i\000o\000n}{section*.2}% 17
\BOOKMARK [1][-]{section*.32}{\376\377\000F\000r\000u\000s\000t\000a\000\040\000g\000e\000o\000m\000e\000t\000r\000y}{section*.2}% 18
\BOOKMARK [1][-]{section*.33}{\376\377\000C\000o\000s\000m\000o\000l\000o\000g\000y\000\040\000i\000n\000\040\000t\000h\000e\000\040\000c\000o\000n\000t\000i\000n\000u\000u\000m}{section*.2}% 19
\BOOKMARK [1][-]{section*.34}{\376\377\000R\000e\000f\000e\000r\000e\000n\000c\000e\000s}{section*.2}% 20
